// Jest Snapshot v1, https://goo.gl/fbAQLP

exports[`Button Component should render a button 1`] = `
.c0 {
  display: -webkit-inline-box;
  display: -webkit-inline-flex;
  display: -ms-inline-flexbox;
  display: inline-flex;
  -webkit-align-items: center;
  -webkit-box-align: center;
  -ms-flex-align: center;
  align-items: center;
  -webkit-box-pack: center;
  -webkit-justify-content: center;
  -ms-flex-pack: center;
  justify-content: center;
  gap: 0.8rem;
  min-width: 64px;
  font-size: initial;
  font-weight: 600;
  color: #404152;
  border: 0;
  border-radius: 0.4rem;
  padding: 0.8rem 1.6rem;
  font-size: 1.4rem;
  background: linear-gradient(180deg,#f2a516 0%,#ffc727 50%);
}

.c0 svg {
  font-size: 1.6rem;
}

.c0:hover {
  background: linear-gradient(180deg,#ffc727 0%,#f2a516 50%);
}

<button
  class="c0"
  color="primary"
>
  <span>
    Button
  </span>
</button>
`;
